# a messy   comment   keeps its exact bytes
COMMAND "fmt-demo"
DESCRIPTION "Format demo."
DIRECTION "add"

  VARIABLE 1 "WidgetName" TITLE "t" DESCRIPTION "d" EXAMPLES "W"

CREATE FILE IF ABSENT "internal/{{.widget_name}}.go"
::: widget module :::
package demo
	payload   spacing   is untouchable   
::: widget module :::

ASSERT FILE "internal/{{.widget_name}}.go" EXISTS

IN "internal/{{.widget_name}}.go"
INSERT BEFORE FIRST
::: pinned head :::
package demo
::: pinned head :::
WITH
::: note above :::
// note MARK:note-above
::: note above :::
MARK "note-above"
