# cssom-heads.baseline — the exact authored-rule-head count of app.css.
#
# cssom-parity.mjs asserts authoredHeads(app.css) == this number (EXACT, not >=).
# A /* swallow drops the count and reds; a new rule raises it and reds — until you
# bump this number IN THE SAME COMMIT as the CSS change. That co-commit is the whole
# ratchet: the count can only move through a reviewed diff, never drift. See
# cssom-parity.mjs "THE EXACT-MATCH SIDECAR RATCHET" for why not git-derived and why
# not a relative tolerance.
#
# Measured 2026-07-21 on app.css @ sha256 176f441387bc… (Chrome 150.0.7871.129,
# node v22.22.0): 1203 authored heads == 1203 CSSOM rules, MISSES 0.
#
# Re-measured 2026-07-28 by running cssom-parity.mjs on this branch merged with
# origin/main: 1235 authored heads, MISSES 0 — the +2 are the Overview's own
# not-current chip rules. MISSES 0 is what makes this an unrecorded ADD rather
# than a parity defect, which is the distinction the ratchet's own failure text
# tells you to confirm before bumping.
#
# Re-measured 2026-07-31 (W12 narrow-viewport slice, cch-w12-s2): UNCHANGED at
# 1235, MISSES 0 — deliberately NOT bumped. That slice edits app.css in two
# regions but adds no rule HEAD: `.instances-grid`, `.set-matrix`,
# `.set-matrix-corner` and `.set-matrix-event` all already existed and only
# gained declarations, and the two at-rules it introduces (`@property
# --set-matrix-fade`, `@keyframes set-matrix-edge-fade`) are OPAQUE at-rules —
# cssom-parity skips them on BOTH sides (authoredHeads' GROUPING_AT branch and
# the symmetric CSSOM walk), so they contribute zero to this count by design.
# Recorded here rather than left silent: a ratchet whose number does not move
# on a real CSS change should say WHY in the same commit, or the next reader
# cannot tell a considered no-op from a forgotten bump.
# Re-measured 2026-07-31 (cch-w12-s3-sites-card-focus-perimeter): 1236 authored heads,
# MISSES 0. The +1 is ONE rule — `.inst-sites-card .site-row[data-id]:focus-visible` —
# giving a keyboard-focused row in the instance-detail Sites card a four-sided inset
# outline. Before it, that card's flush list treatment (`border: none` + `border-top`)
# zeroed the border the shared focus rule only re-COLOURS, so three of the four sides
# painted nothing. MISSES 0 confirms this is an unrecorded ADD, not a parity defect.
#
# Re-measured 2026-07-31 (cch-w13-s3-cancelled-deploy-not-queued): 1237 authored heads,
# MISSES 0 — MEASURED by running cssom-parity.mjs on this branch (app.css @ sha256
# e11bdbea41cf…, Chrome 150.0.7871.187, node v22.22.0), not hand-incremented. The +1 is
# ONE rule — `.dep-cancelled` — the sixth Deployment status finally getting a paint of
# its own; until it existed the class fell through to the .dep-pill base, which is
# byte-identical to .dep-queued, so a terminal abort painted as one still waiting.
# MISSES 0 confirms this is an unrecorded ADD, not a parity defect. NOTE for whoever
# rebases onto sibling slice S4, which also adds heads: two identical bumps merge CLEAN
# and WRONG — re-run cssom-parity.mjs and write what it MEASURES (D158), never resolve
# this number by hand.
# Re-measured 2026-07-31 (W13 detail-route band, cch-w13-s4-tablet-band-detail-routes):
# UNCHANGED at 1236 authored heads == 1236 CSSOM rules, MISSES 0 — MEASURED by a real
# cssom-parity.mjs run on this branch (app.css 207795 B, sha256 bf36a9936ef5…, Chrome
# 150.0.7871.187, node v22.22.0), not reasoned about. That slice adds a new
# `@media (max-width: 899px)` block with FOUR rule heads — `.detail-grid`,
# `.detail-head`, `.detail-head .fleet-badges`, `.detail-actions` — and removes exactly
# those four from the 768 and 720 blocks they were split out of, so the net is zero: a
# MOVE, not an add. Recorded rather than left silent, for the same reason as the W12
# entry above: a ratchet whose number does not move across a real CSS change has to say
# why in the same commit, or the next reader cannot tell a considered no-op from a
# forgotten bump. If you rebase this onto a sibling that DOES add a head, re-measure
# (charter D158 REGENERATE-ON-REBASE) — two slices bumping to the same number merge
# clean and wrong.
# Re-measured 2026-07-31 by the LEAD while rebasing the tablet-width slice onto
# a main that had moved: HEAD carried 1237, the branch carried 1236, and neither
# was a considered claim about the merged tree — the branch measured before its
# siblings landed. Both prose records above are kept because each explains a real
# earlier measurement; the COUNT is re-derived rather than picked. A real Chrome
# on the merged tree reports authored rule heads 1237, CSSOM style rules 1237,
# MISSES 0, PARITY PASS — so this slice adds no rule HEAD on top of main, and the
# number moves for its siblings reasons, not for this one.
# Re-measured 2026-07-31 (cch-bl-provider-rotation-identity-echo, at REVIEW): 1242
# authored heads, MISSES 0 — MEASURED by running cssom-parity.mjs on this branch, not
# hand-incremented. The +6 are the SIX `.prov-identity*` rules the slice's rendered
# markup already emitted with no rule at all: __css_check E2 red with 12 errors on the
# builder's state, because this slice's gate is the only one in the wave that does not
# run that checker. MISSES 0 confirms an unrecorded ADD, not a parity defect.
# NOTE for the lead: sibling S3 (.dep-cancelled) also adds ONE head and records 1237.
# These two merge CLEAN and WRONG — 1242 and 1237 are both right alone and both wrong
# together. RE-MEASURE after merging (charter D158 REGENERATE-ON-REBASE).
# Re-measured 2026-07-31 by the LEAD rebasing onto a moved main, and the number
# is 1243 — NOT the 1242 this branch carried. The branch measured against a main
# that read 1236 before its siblings landed, and 1242 also contradicts this
# slices OWN commit message, which says the identity line gets the SIX CSS rules
# it was rendering without: 1237 + 6 = 1243. A real Chrome on the merged tree
# reports authored rule heads 1243, CSSOM style rules 1243, MISSES 0 — so this is
# an unrecorded ADD of exactly six heads, not a parity defect, and the count is
# re-derived rather than carried forward.
# together. RE-MEASURE after merging (charter D158 REGENERATE-ON-REBASE). Review DID
# measure the combined state — S3 + S4 + S5 merged locally, cssom-parity run on the
# result: 1243 authored heads, MISSES 0. That is the number the lead should write once
# all three are on main; it was MEASURED on the merge, not derived by adding.
# Re-measured 2026-07-31 (cch-w14-s2-folded-shell-nav-wall): 1241 authored heads == 1241
# CSSOM style rules, MISSES 0 — MEASURED by running cssom-parity.mjs on this branch
# (app.css sha256 asserted against the served bytes, Chrome 150.0.7871.187, node
# v22.22.0), not hand-derived. The count goes DOWN, which no earlier entry here has
# done, so it needs saying explicitly: this is cause 2 of the two the failure text
# names (a deliberate deletion), not cause 1 (a stray `/*` swallowing a live region).
# NET MINUS TWO. MINUS EIGHT: the pre-v4 `.nav-menu` topbar-dropdown block is retired — `.nav-menu`,
# `.nav-menu-trigger`, `.nav-menu-trigger::-webkit-details-marker`, `.nav-caret`,
# `.nav-menu[open] .nav-caret`, `.nav-menu-list`, `.nav-menu-item`,
# `.nav-menu-item:hover`. `nav-menu` occurred ZERO times in index.html; the v4 shell
# moved Settings into the sidebar years of waves ago and left the styling behind.
# PLUS SIX: the live disclosure that replaces it — `.nav-group-summary`,
# `.nav-group-summary::-webkit-details-marker`, `.nav-group-summary:hover`,
# `.nav-group-caret`, `.nav-group[open] > .nav-group-summary .nav-group-caret` — plus
# `.sidebar.is-nav-clipped`, the folded strip's continuation-cue state.
# NOT COUNTED, by design: `@property --nav-fade` is an OPAQUE at-rule, skipped on
# BOTH sides (the W12 entry above records the same for --set-matrix-fade); and the
# folded-shell `.sidebar` / `.app-shell` /
# `.nav-spacer` heads only gained declarations. Two selectors also left the shared
# focus-ring comma group and one joined it — that is a group's CONTENTS, not a head,
# so it moves this number by zero.
# FOR THE LEAD: sibling slices in W14 also touch app.css. Re-measure on the merge
# (charter D158 REGENERATE-ON-REBASE) — a down-bump and an up-bump merge clean and
# wrong, and this one is the only entry here that can be mistaken for a swallow.
# Re-measured 2026-07-31 (cch-w14-s3-fleet-row-band-899-split, at BUILD): 1243
# authored heads, CSSOM style rules 1243, MISSES 0, PARITY PASS — MEASURED by running
# cssom-parity.mjs on this branch's bytes (app.css 213560 B, sha256 4923f236f8bd…),
# not carried forward. THE COUNT DID NOT MOVE AND THAT IS THE POINT: this slice is a
# MOVE, not an add — `.fleet-row` and `.fleet-badges` left the `@media (max-width:
# 768px)` block and landed in the existing `@media (max-width: 899px)` block, so two
# rule heads changed WHICH block they live in and none was created or destroyed. The
# W13-S4 entries above are the precedent for saying an unchanged number out loud
# rather than staying silent and letting the next reader wonder whether it was
# measured at all.
# LEAD RESOLUTION 2026-07-31 (merge of cch-w14-s2 and cch-w14-s3): the two records
# above collided in this file and BOTH ARE KEPT — s2's deliberate MINUS TWO and s3's
# net-zero MOVE are separate facts about separate commits, and picking a side would
# erase one of them. The number below was NOT derived by adding them. It was
# RE-MEASURED on the merged tree by running cssom-parity.mjs here: Chrome
# 150.0.7871.187, node v22.22.0, app.css 221362 B sha256 31d8444f729b…, authored rule
# heads 1241 == CSSOM style rules 1241, flattened selectors 1209/1209, MISSES 0.
# s2's own warning is why this was measured rather than reasoned: "a down-bump and an
# up-bump merge clean and wrong". They did merge clean, and the answer is s2's number,
# because s3 moved two heads between @media blocks without creating or destroying one.
# Re-measured 2026-07-31 (cch-w14-s5-planned-rail-and-ticker, at BUILD): 1245 authored
# heads, MISSES 0 — MEASURED by running cssom-parity.mjs on this branch off origin/main
# (which read 1243), not hand-incremented. The +2 are the indeterminate active dot:
# `.new-step.active .new-step-dot[data-ring-unpaced]` plus its prefers-reduced-motion
# twin, both new heads with no prior rule. MISSES 0 confirms an unrecorded ADD, not a
# parity defect. Siblings in wave 14 that also touch app.css will collide on this
# number exactly as S3/S4/S5 did last wave — RE-MEASURE on the merged tree (D158
# REGENERATE-ON-REBASE); do not add 2 to whatever lands first.
# LEAD RESOLUTION 2026-08-01 (merge of cch-w14-s5 onto the s2+s3 result): the third
# collision in this file this wave, resolved the same way — BOTH prose records kept,
# the number RE-MEASURED rather than reconciled. NEITHER SIDE'S NUMBER WAS RIGHT: the
# merged-main record above said 1241 and this slice's own build record said 1245, and
# the merged tree measures 1243. That is exactly the failure s2 warned about in
# writing ("a down-bump and an up-bump merge clean and wrong"), reproduced a second
# time, and it is why this file is never allowed to carry an arithmetic answer.
# MEASURED here by running cssom-parity.mjs on the rebased tree: Chrome
# 150.0.7871.187, node v22.22.0, app.css 222460 B sha256 480fe6ad1e7a…, authored rule
# heads 1243 == CSSOM style rules 1243, flattened selectors 1210/1210, MISSES 0,
# PARITY PASS. s5 is a net PLUS TWO over the 1241 that s2 and s3 left on main.
# Re-measured 2026-08-01 (cch-w15-s2-archives-resurrect-scroller, at BUILD): 1245
# authored heads == 1245 CSSOM style rules, flattened selectors 1212/1212, MISSES 0 —
# MEASURED by running cssom-parity.mjs on this branch off origin/main (which reads
# 1243, and which this branch's first run reported as "+2 ABOVE"), not hand-derived.
# The +2 are the TWO scoped chip rules the archives resurrect fix adds:
# `.archive-resurrect .cli-chip` and `.archive-resurrect .cli-chip-code`. They are
# SCOPED on purpose — `.cli-chip` is shared with the webhook chips, so an unscoped
# edit would have moved this number by zero and changed four other surfaces instead.
# NOT COUNTED, by design and consistent with the W12/W14 entries above: `@property
# --archive-cli-fade` and `@keyframes archive-cli-edge-fade` are OPAQUE at-rules,
# skipped on BOTH sides, so the two-state scroll cue costs zero heads; and
# `.archive-resurrect` itself only gained declarations (flex-basis, flex-wrap,
# min-width), which is a declaration change, not a head. MISSES 0 is what makes this
# an unrecorded ADD rather than a parity defect.
# FOR THE LEAD: three wave-15 slices touch app.css. This number and theirs merge
# CLEAN and WRONG — re-measure on the merged tree (charter D158 REGENERATE-ON-REBASE);
# do not add 2 to whatever lands first.
# Re-measured 2026-08-01 (cch-w15-s4-fleet-lead-column-bounded, at BUILD): 1245
# authored rule heads == 1245 CSSOM style rules, flattened selectors 1210/1210,
# MISSES 0 — MEASURED by running cssom-parity.mjs on this branch off origin/main
# (which reads 1243), Chrome 150.0.7871.187, node v22.22.0, app.css 226942 B sha256
# 2cef44395396…. Not hand-incremented and not arithmetic: the run's own output line
# is "authored rule heads 1245 (baseline 1243 ← ABOVE)". The +2 are the two heads of
# the new `@media (min-width: 900px)` block that stops the fleet row painting the
# hostname through the badge chips — `.fleet-row` (flex-wrap) and `.fleet-main`
# (flex: 1 1 auto; min-width: 200px). Both selectors already exist at :952 and inside
# the `@media (max-width: 899px)` complement, but a head is per BLOCK, so a scoped
# re-declaration is two new heads, not zero. MISSES 0 confirms an unrecorded ADD, not
# a parity defect. FOR THE LEAD: three of the last four entries in this file are
# collision resolutions, and wave 15 has siblings touching app.css too — RE-MEASURE
# on the merged tree (D158 REGENERATE-ON-REBASE). Do not add 2 to whatever lands
# first; that is the exact mistake recorded twice above.
# LEAD RESOLUTION 2026-08-01 (merge of cch-w15-s4 onto main already carrying s5): the
# fourth collision in this file, and the slice's own warning above was exactly right -
# 1245 was measured off a main reading 1243, main now reads 1245 after #8740, and the
# merged tree measures 1247. Adding 2 to whatever landed first would have produced 1247
# by luck this time and been wrong the next; the number below was MEASURED, not derived.
# Chrome 150.0.7871.187, node v22.22.0, app.css 232062 B sha256 b5b8ac065608...,
# authored rule heads 1247 == CSSOM style rules 1247, flattened selectors 1212/1212,
# MISSES 0, PARITY PASS. Both prose records above are kept: s5's +2 and s4's +2 are
# separate facts about separate blocks and neither may be collapsed into the other.
# Re-measured 2026-08-01 (cch-w15-s5-site-link-phone-band, at BUILD): 1244 authored
# heads == 1244 CSSOM style rules, flattened selectors 1211/1211, MISSES 0, on a branch
# off origin/main which read 1243 — MEASURED by running cssom-parity.mjs on this
# branch's bytes (Chrome 150.0.7871.187, node v22.22.0, app.css 224079 B, sha256
# 9371f25335e1…), not hand-incremented. The +1 is ONE new rule head,
# `.fleet-url .site-open`, which lifts `white-space: nowrap` off the live-URL text link
# in the site detail head so it wraps instead of pushing documentElement.scrollWidth
# past the viewport on every iPhone width in portrait. MISSES 0 is what makes this an
# unrecorded ADD rather than a parity defect.
# FOR THE LEAD: wave 15's other slices also touch app.css. This number is +1 over
# origin/main's 1243 and is NOT to be reconciled by arithmetic against another slice's
# bump — RE-MEASURE on the merged tree (charter D158 REGENERATE-ON-REBASE). Three
# collisions in this file across the last two waves all resolved that way.
# LEAD RESOLUTION 2026-08-01 (merge of cch-w15-s5 onto main carrying s2+s4): the FIFTH
# collision in this file this session, and the most instructive one. The branch measured
# 1244 — a DOWN-bump, against a main that then read 1245; main now reads 1247 after its
# two siblings; and the merged tree measures 1248. So this slice is a net PLUS ONE here
# and was a net MINUS ONE there, purely because of what it was measured against. No
# arithmetic over the three recorded deltas reaches 1248; only running the tool does.
# MEASURED: Chrome 150.0.7871.187, node v22.22.0, app.css 233681 B sha256 1cf9bac24cf0...,
# authored rule heads 1248 == CSSOM style rules 1248, flattened selectors 1213/1213,
# MISSES 0, PARITY PASS. Both prose records above are kept.
# W16-S3 2026-08-01 (cch-w16-s3-pill-text-bounded-rail-and-fleet): 1248 -> 1253, +5
# authored rule heads, ALL ADDS under wrapper selectors — `.detail-rail .status-pill`,
# `.detail-rail .status-pill-label`, `.fleet-status .status-pill`,
# `.fleet-status .status-pill-dot`, `.fleet-status .status-pill-detail`. The pill's own
# four families at app.css:2913-2957 are byte-identical (GR11/GR25 carve-out, D157
# ADD-not-restyle). MISSES 0, so this is an unrecorded ADD, never a parity defect.
# HOW 1253 WAS OBTAINED, since a sixth collision in this file is likely: the sentinel
# `1` was written here deliberately and cssom-parity.mjs run — it printed
# "BASELINE MISMATCH: 1253 authored rule heads, sidecar baseline is 1 (+1252)", i.e.
# the TOOL named the value. 1248 + 5 also happens to equal 1253; that arithmetic is a
# coincidence of a quiet tree and is NOT how this line may be produced. D158 stands:
# on any rebase or merge conflict here, re-run the tool on the MERGED tree and take
# what it prints. Never merge-resolve this number, never add deltas.
# MEASURED: Chrome 150.0.7871.187, node v22.22.0, app.css 237836 B sha256 1ed8286de6c3...,
# authored rule heads 1253 == CSSOM style rules 1253, flattened selectors 1218/1218,
# MISSES 0, PARITY PASS.
# W16-S8 2026-08-01 (cch-w16-s8-drop-900-tier-rule-axis-and-baseline): 1253 -> 1252, a
# DOWN-bump — only the SECOND this file has ever carried (cch-w14-s2's minus-two is the
# first). It is cause 2 of the two the failure text names — a DELIBERATE DELETION — not
# cause 1, a stray `/*` swallowing a live region. The MINUS ONE is one whole @media
# wrapper holding exactly one rule: `@media (max-width: 900px) { .tier-grid {
# grid-template-columns: 1fr 1fr; } }` at app.css:1051, which forced two tier tracks
# onto every phone and pushed documentElement.scrollWidth to 413 in a 320 viewport.
# THE SIGNATURE THAT SEPARATES A DELETION FROM A SWALLOW: flattened selectors are
# 1218/1218 BEFORE and 1218/1218 AFTER, and MISSES stays 0. A `/*` swallow drops
# flattened selectors with the heads; this drops one head and no selector, because the
# deleted block's single selector `.tier-grid` still exists at app.css:1046.
# NOT TOUCHED, and it matters: `@media (min-width: 900px)` at :2273 stays. That block is
# what keeps 899 in the derived breakpoint axis after this deletion.
# HOW 1252 WAS OBTAINED (D158, and the sixth-collision warning above was written for
# exactly this): the sentinel `1` was written here deliberately and cssom-parity.mjs
# run — it printed "BASELINE MISMATCH: 1252 authored rule heads, sidecar baseline is 1
# (+1251)", i.e. the TOOL named the value. 1253 - 1 also equals 1252; that arithmetic is
# a coincidence of a quiet tree and is NOT how this line may be produced. This slice is
# the wave's SOLE holder of this file in round 1 (D202), so no sibling collides here —
# but a LATER app.css slice will, and D158 stands: re-run the tool on the MERGED tree
# and take what it prints. Never merge-resolve this number, never add deltas.
# MEASURED: Chrome 150.0.7871.187, node v22.22.0, app.css 237759 B sha256 24505040b13e...,
# authored rule heads 1252 == CSSOM style rules 1252, flattened selectors 1218/1218,
# MISSES 0.
1252
