{"documents":[{"agent":"listener","capacity":2,"last_seen":"2026-09-16T04:10:02Z","scope":"cli","status":"idle","ttl_s":900,"worker":"lead-cli-r20"},{"agent":"listener","capacity":1,"last_seen":"2026-09-16T04:09:47Z","scope":"api","status":"busy","ttl_s":900,"worker":"lead-api-r20"},{"agent":"listener","capacity":4,"last_seen":"2026-09-16T03:11:00Z","scope":"gates","status":"stale","ttl_s":900,"worker":"lead-gates-r20"}]}
