id    name    status    events               failures  types                  url
----  ------  --------  -------------------  --------  ---------------------  -------------------
wh_1  prod    ok        ["create","update"]  0         [article,page]         https://a.test/hook
wh_2  stale   failed    []                   5         {} (match everything)  https://b.test/h
wh_3  paused  inactive  ["publish"]          0         {} (match everything)  https://c.test/h
